// Jest Snapshot v1, https://jestjs.io/docs/snapshot-testing

exports[`LiteLLM gateway stack template snapshot 1`] = `
{
  "Outputs": {
    "AdminUiUrl": {
      "Description": "LiteLLM Admin UI — log in with the master key",
      "Value": {
        "Fn::Join": [
          "",
          [
            "http://",
            {
              "Fn::GetAtt": [
                "GatewayLB5DCBCCBF",
                "DNSName",
              ],
            },
            "/ui",
          ],
        ],
      },
    },
    "AlarmTopicArn": {
      "Description": "SNS topic for gateway alarms — subscribe an endpoint to receive them",
      "Value": {
        "Ref": "AlarmTopicD01E77F9",
      },
    },
    "GatewayLoadBalancerDNS57B83318": {
      "Value": {
        "Fn::GetAtt": [
          "GatewayLB5DCBCCBF",
          "DNSName",
        ],
      },
    },
    "GatewayServiceURLED74D286": {
      "Value": {
        "Fn::Join": [
          "",
          [
            "http://",
            {
              "Fn::GetAtt": [
                "GatewayLB5DCBCCBF",
                "DNSName",
              ],
            },
          ],
        ],
      },
    },
    "GatewayUrl": {
      "Description": "LiteLLM gateway base URL (OpenAI-compatible endpoint)",
      "Value": {
        "Fn::Join": [
          "",
          [
            "http://",
            {
              "Fn::GetAtt": [
                "GatewayLB5DCBCCBF",
                "DNSName",
              ],
            },
          ],
        ],
      },
    },
    "MasterKeySecretArn": {
      "Description": "Secret holding the raw master key value (actual key = "sk-" + value)",
      "Value": {
        "Ref": "MasterKeySecret5B58803D",
      },
    },
  },
  "Parameters": {
    "BootstrapVersion": {
      "Default": "/cdk-bootstrap/hnb659fds/version",
      "Description": "Version of the CDK Bootstrap resources in this environment, automatically retrieved from SSM Parameter Store. [cdk:skip]",
      "Type": "AWS::SSM::Parameter::Value<String>",
    },
  },
  "Resources": {
    "AlarmTopicD01E77F9": {
      "Properties": {
        "DisplayName": "LiteLLM gateway alarms",
      },
      "Type": "AWS::SNS::Topic",
    },
    "Alb5xxAlarm99BFF946": {
      "Properties": {
        "AlarmActions": [
          {
            "Ref": "AlarmTopicD01E77F9",
          },
        ],
        "ComparisonOperator": "GreaterThanThreshold",
        "Dimensions": [
          {
            "Name": "LoadBalancer",
            "Value": {
              "Fn::Join": [
                "",
                [
                  {
                    "Fn::Select": [
                      1,
                      {
                        "Fn::Split": [
                          "/",
                          {
                            "Ref": "GatewayLBPublicListener906A7B84",
                          },
                        ],
                      },
                    ],
                  },
                  "/",
                  {
                    "Fn::Select": [
                      2,
                      {
                        "Fn::Split": [
                          "/",
                          {
                            "Ref": "GatewayLBPublicListener906A7B84",
                          },
                        ],
                      },
                    ],
                  },
                  "/",
                  {
                    "Fn::Select": [
                      3,
                      {
                        "Fn::Split": [
                          "/",
                          {
                            "Ref": "GatewayLBPublicListener906A7B84",
                          },
                        ],
                      },
                    ],
                  },
                ],
              ],
            },
          },
          {
            "Name": "TargetGroup",
            "Value": {
              "Fn::GetAtt": [
                "GatewayLBPublicListenerECSGroupBD528BD3",
                "TargetGroupFullName",
              ],
            },
          },
        ],
        "EvaluationPeriods": 3,
        "MetricName": "HTTPCode_Target_5XX_Count",
        "Namespace": "AWS/ApplicationELB",
        "Period": 60,
        "Statistic": "Sum",
        "Threshold": 10,
        "TreatMissingData": "notBreaching",
      },
      "Type": "AWS::CloudWatch::Alarm",
    },
    "DatabaseB269D8BB": {
      "DeletionPolicy": "Delete",
      "Properties": {
        "CopyTagsToSnapshot": true,
        "DBClusterParameterGroupName": "default.aurora-postgresql16",
        "DBSubnetGroupName": {
          "Ref": "DatabaseSubnets56F17B9A",
        },
        "DatabaseName": "litellm",
        "Engine": "aurora-postgresql",
        "EngineVersion": "16.9",
        "MasterUserPassword": {
          "Fn::Join": [
            "",
            [
              "{{resolve:secretsmanager:",
              {
                "Ref": "TestStackDatabaseSecret4D295638886bce5d92c4678bb2904dfaf6fb890c",
              },
              ":SecretString:password::}}",
            ],
          ],
        },
        "MasterUsername": "litellm",
        "Port": 5432,
        "ServerlessV2ScalingConfiguration": {
          "MaxCapacity": 4,
          "MinCapacity": 0.5,
        },
        "StorageEncrypted": true,
        "VpcSecurityGroupIds": [
          {
            "Fn::GetAtt": [
              "DbSecurityGroupE9D701AD",
              "GroupId",
            ],
          },
        ],
      },
      "Type": "AWS::RDS::DBCluster",
      "UpdateReplacePolicy": "Delete",
    },
    "DatabaseSecretAttachmentE5D1B020": {
      "Properties": {
        "SecretId": {
          "Ref": "TestStackDatabaseSecret4D295638886bce5d92c4678bb2904dfaf6fb890c",
        },
        "TargetId": {
          "Ref": "DatabaseB269D8BB",
        },
        "TargetType": "AWS::RDS::DBCluster",
      },
      "Type": "AWS::SecretsManager::SecretTargetAttachment",
    },
    "DatabaseSubnets56F17B9A": {
      "Properties": {
        "DBSubnetGroupDescription": "Subnets for Database database",
        "SubnetIds": [
          {
            "Ref": "VpcprivateSubnet1SubnetCEAD3716",
          },
          {
            "Ref": "VpcprivateSubnet2Subnet2DE7549C",
          },
        ],
      },
      "Type": "AWS::RDS::DBSubnetGroup",
    },
    "Databasewriter2462CC03": {
      "DeletionPolicy": "Delete",
      "DependsOn": [
        "VpcprivateSubnet1DefaultRouteB506891A",
        "VpcprivateSubnet1RouteTableAssociationEEBD93CE",
        "VpcprivateSubnet2DefaultRouteBAC3C1C3",
        "VpcprivateSubnet2RouteTableAssociationB691E645",
      ],
      "Properties": {
        "DBClusterIdentifier": {
          "Ref": "DatabaseB269D8BB",
        },
        "DBInstanceClass": "db.serverless",
        "Engine": "aurora-postgresql",
        "PromotionTier": 0,
        "PubliclyAccessible": false,
      },
      "Type": "AWS::RDS::DBInstance",
      "UpdateReplacePolicy": "Delete",
    },
    "DbConnectionsAlarm7767BF57": {
      "Properties": {
        "AlarmActions": [
          {
            "Ref": "AlarmTopicD01E77F9",
          },
        ],
        "ComparisonOperator": "GreaterThanThreshold",
        "Dimensions": [
          {
            "Name": "DBClusterIdentifier",
            "Value": {
              "Ref": "DatabaseB269D8BB",
            },
          },
        ],
        "EvaluationPeriods": 3,
        "MetricName": "DatabaseConnections",
        "Namespace": "AWS/RDS",
        "Period": 300,
        "Statistic": "Average",
        "Threshold": 200,
        "TreatMissingData": "notBreaching",
      },
      "Type": "AWS::CloudWatch::Alarm",
    },
    "DbSecurityGroupE9D701AD": {
      "Properties": {
        "GroupDescription": "LiteLLM Aurora — ingress from the Fargate service only",
        "SecurityGroupEgress": [
          {
            "CidrIp": "255.255.255.255/32",
            "Description": "Disallow all traffic",
            "FromPort": 252,
            "IpProtocol": "icmp",
            "ToPort": 86,
          },
        ],
        "VpcId": {
          "Ref": "Vpc8378EB38",
        },
      },
      "Type": "AWS::EC2::SecurityGroup",
    },
    "DbSecurityGroupfromTestStackGatewayServiceSecurityGroupA71AD9D6IndirectPort63C8E5F4": {
      "Properties": {
        "Description": "LiteLLM Fargate service to Aurora",
        "FromPort": {
          "Fn::GetAtt": [
            "DatabaseB269D8BB",
            "Endpoint.Port",
          ],
        },
        "GroupId": {
          "Fn::GetAtt": [
            "DbSecurityGroupE9D701AD",
            "GroupId",
          ],
        },
        "IpProtocol": "tcp",
        "SourceSecurityGroupId": {
          "Fn::GetAtt": [
            "GatewayServiceSecurityGroupBF5A4109",
            "GroupId",
          ],
        },
        "ToPort": {
          "Fn::GetAtt": [
            "DatabaseB269D8BB",
            "Endpoint.Port",
          ],
        },
      },
      "Type": "AWS::EC2::SecurityGroupIngress",
    },
    "EcsCluster97242B84": {
      "Properties": {
        "ClusterSettings": [
          {
            "Name": "containerInsights",
            "Value": "enabled",
          },
        ],
      },
      "Type": "AWS::ECS::Cluster",
    },
    "GatewayLB5DCBCCBF": {
      "DependsOn": [
        "VpcpublicSubnet1DefaultRouteB88F9E93",
        "VpcpublicSubnet1RouteTableAssociation4E83B6E4",
        "VpcpublicSubnet2DefaultRoute732F0BEB",
        "VpcpublicSubnet2RouteTableAssociationCCE257FF",
      ],
      "Properties": {
        "LoadBalancerAttributes": [
          {
            "Key": "deletion_protection.enabled",
            "Value": "false",
          },
        ],
        "Scheme": "internet-facing",
        "SecurityGroups": [
          {
            "Fn::GetAtt": [
              "GatewayLBSecurityGroup58C28386",
              "GroupId",
            ],
          },
        ],
        "Subnets": [
          {
            "Ref": "VpcpublicSubnet1Subnet2BB74ED7",
          },
          {
            "Ref": "VpcpublicSubnet2SubnetE34B022A",
          },
        ],
        "Type": "application",
      },
      "Type": "AWS::ElasticLoadBalancingV2::LoadBalancer",
    },
    "GatewayLBPublicListener906A7B84": {
      "Properties": {
        "DefaultActions": [
          {
            "TargetGroupArn": {
              "Ref": "GatewayLBPublicListenerECSGroupBD528BD3",
            },
            "Type": "forward",
          },
        ],
        "LoadBalancerArn": {
          "Ref": "GatewayLB5DCBCCBF",
        },
        "Port": 80,
        "Protocol": "HTTP",
      },
      "Type": "AWS::ElasticLoadBalancingV2::Listener",
    },
    "GatewayLBPublicListenerECSGroupBD528BD3": {
      "Properties": {
        "HealthCheckIntervalSeconds": 30,
        "HealthCheckPath": "/health/liveliness",
        "HealthCheckTimeoutSeconds": 10,
        "Matcher": {
          "HttpCode": "200",
        },
        "Port": 80,
        "Protocol": "HTTP",
        "TargetGroupAttributes": [
          {
            "Key": "stickiness.enabled",
            "Value": "false",
          },
        ],
        "TargetType": "ip",
        "VpcId": {
          "Ref": "Vpc8378EB38",
        },
      },
      "Type": "AWS::ElasticLoadBalancingV2::TargetGroup",
    },
    "GatewayLBSecurityGroup58C28386": {
      "Properties": {
        "GroupDescription": "Automatically created Security Group for ELB TestStackGatewayLB2F957DF2",
        "SecurityGroupIngress": [
          {
            "CidrIp": "0.0.0.0/0",
            "Description": "Allow from anyone on port 80",
            "FromPort": 80,
            "IpProtocol": "tcp",
            "ToPort": 80,
          },
        ],
        "VpcId": {
          "Ref": "Vpc8378EB38",
        },
      },
      "Type": "AWS::EC2::SecurityGroup",
    },
    "GatewayLBSecurityGrouptoTestStackGatewayServiceSecurityGroupA71AD9D64000A2DED226": {
      "Properties": {
        "Description": "Load balancer to target",
        "DestinationSecurityGroupId": {
          "Fn::GetAtt": [
            "GatewayServiceSecurityGroupBF5A4109",
            "GroupId",
          ],
        },
        "FromPort": 4000,
        "GroupId": {
          "Fn::GetAtt": [
            "GatewayLBSecurityGroup58C28386",
            "GroupId",
          ],
        },
        "IpProtocol": "tcp",
        "ToPort": 4000,
      },
      "Type": "AWS::EC2::SecurityGroupEgress",
    },
    "GatewayLogs64F6314F": {
      "DeletionPolicy": "Delete",
      "Properties": {
        "RetentionInDays": 30,
      },
      "Type": "AWS::Logs::LogGroup",
      "UpdateReplacePolicy": "Delete",
    },
    "GatewayService5E8511BF": {
      "DependsOn": [
        "GatewayLBPublicListenerECSGroupBD528BD3",
        "GatewayLBPublicListener906A7B84",
        "GatewayTaskDefTaskRoleDefaultPolicy82B96F36",
        "GatewayTaskDefTaskRoleD81699F2",
      ],
      "Properties": {
        "Cluster": {
          "Ref": "EcsCluster97242B84",
        },
        "DeploymentConfiguration": {
          "Alarms": {
            "AlarmNames": [],
            "Enable": false,
            "Rollback": false,
          },
          "MaximumPercent": 200,
          "MinimumHealthyPercent": 50,
        },
        "DesiredCount": 2,
        "EnableECSManagedTags": false,
        "HealthCheckGracePeriodSeconds": 180,
        "LaunchType": "FARGATE",
        "LoadBalancers": [
          {
            "ContainerName": "web",
            "ContainerPort": 4000,
            "TargetGroupArn": {
              "Ref": "GatewayLBPublicListenerECSGroupBD528BD3",
            },
          },
        ],
        "NetworkConfiguration": {
          "AwsvpcConfiguration": {
            "AssignPublicIp": "DISABLED",
            "SecurityGroups": [
              {
                "Fn::GetAtt": [
                  "GatewayServiceSecurityGroupBF5A4109",
                  "GroupId",
                ],
              },
            ],
            "Subnets": [
              {
                "Ref": "VpcprivateSubnet1SubnetCEAD3716",
              },
              {
                "Ref": "VpcprivateSubnet2Subnet2DE7549C",
              },
            ],
          },
        },
        "TaskDefinition": {
          "Ref": "GatewayTaskDef6C231C1D",
        },
      },
      "Type": "AWS::ECS::Service",
    },
    "GatewayServiceSecurityGroupBF5A4109": {
      "DependsOn": [
        "GatewayTaskDefTaskRoleDefaultPolicy82B96F36",
        "GatewayTaskDefTaskRoleD81699F2",
      ],
      "Properties": {
        "GroupDescription": "TestStack/Gateway/Service/SecurityGroup",
        "SecurityGroupEgress": [
          {
            "CidrIp": "0.0.0.0/0",
            "Description": "Allow all outbound traffic by default",
            "IpProtocol": "-1",
          },
        ],
        "VpcId": {
          "Ref": "Vpc8378EB38",
        },
      },
      "Type": "AWS::EC2::SecurityGroup",
    },
    "GatewayServiceSecurityGroupfromTestStackGatewayLBSecurityGroup4E273CBE40007B7D50BD": {
      "DependsOn": [
        "GatewayTaskDefTaskRoleDefaultPolicy82B96F36",
        "GatewayTaskDefTaskRoleD81699F2",
      ],
      "Properties": {
        "Description": "Load balancer to target",
        "FromPort": 4000,
        "GroupId": {
          "Fn::GetAtt": [
            "GatewayServiceSecurityGroupBF5A4109",
            "GroupId",
          ],
        },
        "IpProtocol": "tcp",
        "SourceSecurityGroupId": {
          "Fn::GetAtt": [
            "GatewayLBSecurityGroup58C28386",
            "GroupId",
          ],
        },
        "ToPort": 4000,
      },
      "Type": "AWS::EC2::SecurityGroupIngress",
    },
    "GatewayServiceTaskCountTargetCpuScaling3F74686C": {
      "DependsOn": [
        "GatewayTaskDefTaskRoleDefaultPolicy82B96F36",
        "GatewayTaskDefTaskRoleD81699F2",
      ],
      "Properties": {
        "PolicyName": "TestStackGatewayServiceTaskCountTargetCpuScalingC690FAB9",
        "PolicyType": "TargetTrackingScaling",
        "ScalingTargetId": {
          "Ref": "GatewayServiceTaskCountTargetDDE9F5A7",
        },
        "TargetTrackingScalingPolicyConfiguration": {
          "PredefinedMetricSpecification": {
            "PredefinedMetricType": "ECSServiceAverageCPUUtilization",
          },
          "ScaleInCooldown": 120,
          "ScaleOutCooldown": 60,
          "TargetValue": 60,
        },
      },
      "Type": "AWS::ApplicationAutoScaling::ScalingPolicy",
    },
    "GatewayServiceTaskCountTargetDDE9F5A7": {
      "DependsOn": [
        "GatewayTaskDefTaskRoleDefaultPolicy82B96F36",
        "GatewayTaskDefTaskRoleD81699F2",
      ],
      "Properties": {
        "MaxCapacity": 6,
        "MinCapacity": 2,
        "ResourceId": {
          "Fn::Join": [
            "",
            [
              "service/",
              {
                "Ref": "EcsCluster97242B84",
              },
              "/",
              {
                "Fn::GetAtt": [
                  "GatewayService5E8511BF",
                  "Name",
                ],
              },
            ],
          ],
        },
        "RoleARN": {
          "Fn::Join": [
            "",
            [
              "arn:",
              {
                "Ref": "AWS::Partition",
              },
              ":iam::123456789012:role/aws-service-role/ecs.application-autoscaling.amazonaws.com/AWSServiceRoleForApplicationAutoScaling_ECSService",
            ],
          ],
        },
        "ScalableDimension": "ecs:service:DesiredCount",
        "ServiceNamespace": "ecs",
      },
      "Type": "AWS::ApplicationAutoScaling::ScalableTarget",
    },
    "GatewayTaskDef6C231C1D": {
      "Properties": {
        "ContainerDefinitions": [
          {
            "Command": [
              "export DATABASE_URL="postgresql://\${DATABASE_USERNAME}:\${DATABASE_PASSWORD}@\${DATABASE_HOST}:\${DATABASE_PORT}/\${DATABASE_NAME}"
export LITELLM_MASTER_KEY="sk-\${MASTER_KEY_RANDOM}"
export LITELLM_SALT_KEY="sk-\${SALT_KEY_RANDOM}"
exec litellm --port 4000 --num_workers 2",
            ],
            "EntryPoint": [
              "/bin/sh",
              "-c",
            ],
            "Environment": [
              {
                "Name": "DATABASE_HOST",
                "Value": {
                  "Fn::GetAtt": [
                    "DatabaseB269D8BB",
                    "Endpoint.Address",
                  ],
                },
              },
              {
                "Name": "DATABASE_PORT",
                "Value": {
                  "Fn::GetAtt": [
                    "DatabaseB269D8BB",
                    "Endpoint.Port",
                  ],
                },
              },
              {
                "Name": "DATABASE_NAME",
                "Value": "litellm",
              },
              {
                "Name": "STORE_MODEL_IN_DB",
                "Value": "True",
              },
            ],
            "Essential": true,
            "Image": "ghcr.io/berriai/litellm-database:main-stable",
            "LogConfiguration": {
              "LogDriver": "awslogs",
              "Options": {
                "awslogs-group": {
                  "Ref": "GatewayLogs64F6314F",
                },
                "awslogs-region": "us-east-1",
                "awslogs-stream-prefix": "litellm",
              },
            },
            "Name": "web",
            "PortMappings": [
              {
                "ContainerPort": 4000,
                "Protocol": "tcp",
              },
            ],
            "Secrets": [
              {
                "Name": "DATABASE_USERNAME",
                "ValueFrom": {
                  "Fn::Join": [
                    "",
                    [
                      {
                        "Ref": "DatabaseSecretAttachmentE5D1B020",
                      },
                      ":username::",
                    ],
                  ],
                },
              },
              {
                "Name": "DATABASE_PASSWORD",
                "ValueFrom": {
                  "Fn::Join": [
                    "",
                    [
                      {
                        "Ref": "DatabaseSecretAttachmentE5D1B020",
                      },
                      ":password::",
                    ],
                  ],
                },
              },
              {
                "Name": "MASTER_KEY_RANDOM",
                "ValueFrom": {
                  "Ref": "MasterKeySecret5B58803D",
                },
              },
              {
                "Name": "SALT_KEY_RANDOM",
                "ValueFrom": {
                  "Ref": "SaltKeySecret9F39529B",
                },
              },
            ],
          },
        ],
        "Cpu": "1024",
        "ExecutionRoleArn": {
          "Fn::GetAtt": [
            "GatewayTaskDefExecutionRoleE3C899DF",
            "Arn",
          ],
        },
        "Family": "TestStackGatewayTaskDef82EEB779",
        "Memory": "2048",
        "NetworkMode": "awsvpc",
        "RequiresCompatibilities": [
          "FARGATE",
        ],
        "TaskRoleArn": {
          "Fn::GetAtt": [
            "GatewayTaskDefTaskRoleD81699F2",
            "Arn",
          ],
        },
      },
      "Type": "AWS::ECS::TaskDefinition",
    },
    "GatewayTaskDefExecutionRoleDefaultPolicy4EABE8A9": {
      "Properties": {
        "PolicyDocument": {
          "Statement": [
            {
              "Action": [
                "logs:CreateLogStream",
                "logs:PutLogEvents",
              ],
              "Effect": "Allow",
              "Resource": {
                "Fn::GetAtt": [
                  "GatewayLogs64F6314F",
                  "Arn",
                ],
              },
            },
            {
              "Action": [
                "secretsmanager:GetSecretValue",
                "secretsmanager:DescribeSecret",
              ],
              "Effect": "Allow",
              "Resource": {
                "Ref": "DatabaseSecretAttachmentE5D1B020",
              },
            },
            {
              "Action": [
                "secretsmanager:GetSecretValue",
                "secretsmanager:DescribeSecret",
              ],
              "Effect": "Allow",
              "Resource": {
                "Ref": "MasterKeySecret5B58803D",
              },
            },
            {
              "Action": [
                "secretsmanager:GetSecretValue",
                "secretsmanager:DescribeSecret",
              ],
              "Effect": "Allow",
              "Resource": {
                "Ref": "SaltKeySecret9F39529B",
              },
            },
          ],
          "Version": "2012-10-17",
        },
        "PolicyName": "GatewayTaskDefExecutionRoleDefaultPolicy4EABE8A9",
        "Roles": [
          {
            "Ref": "GatewayTaskDefExecutionRoleE3C899DF",
          },
        ],
      },
      "Type": "AWS::IAM::Policy",
    },
    "GatewayTaskDefExecutionRoleE3C899DF": {
      "Properties": {
        "AssumeRolePolicyDocument": {
          "Statement": [
            {
              "Action": "sts:AssumeRole",
              "Effect": "Allow",
              "Principal": {
                "Service": "ecs-tasks.amazonaws.com",
              },
            },
          ],
          "Version": "2012-10-17",
        },
      },
      "Type": "AWS::IAM::Role",
    },
    "GatewayTaskDefTaskRoleD81699F2": {
      "Properties": {
        "AssumeRolePolicyDocument": {
          "Statement": [
            {
              "Action": "sts:AssumeRole",
              "Effect": "Allow",
              "Principal": {
                "Service": "ecs-tasks.amazonaws.com",
              },
            },
          ],
          "Version": "2012-10-17",
        },
      },
      "Type": "AWS::IAM::Role",
    },
    "GatewayTaskDefTaskRoleDefaultPolicy82B96F36": {
      "Properties": {
        "PolicyDocument": {
          "Statement": [
            {
              "Action": [
                "bedrock:InvokeModel",
                "bedrock:InvokeModelWithResponseStream",
              ],
              "Effect": "Allow",
              "Resource": "*",
            },
          ],
          "Version": "2012-10-17",
        },
        "PolicyName": "GatewayTaskDefTaskRoleDefaultPolicy82B96F36",
        "Roles": [
          {
            "Ref": "GatewayTaskDefTaskRoleD81699F2",
          },
        ],
      },
      "Type": "AWS::IAM::Policy",
    },
    "MasterKeySecret5B58803D": {
      "DeletionPolicy": "Delete",
      "Properties": {
        "Description": "LiteLLM master key (raw value; sk- prefix added at runtime)",
        "GenerateSecretString": {
          "ExcludePunctuation": true,
          "PasswordLength": 40,
        },
      },
      "Type": "AWS::SecretsManager::Secret",
      "UpdateReplacePolicy": "Delete",
    },
    "SaltKeySecret9F39529B": {
      "DeletionPolicy": "Retain",
      "Properties": {
        "Description": "LiteLLM salt key — encrypts DB-stored provider keys. DO NOT rotate.",
        "GenerateSecretString": {
          "ExcludePunctuation": true,
          "PasswordLength": 40,
        },
      },
      "Type": "AWS::SecretsManager::Secret",
      "UpdateReplacePolicy": "Retain",
    },
    "ServiceCpuAlarmFC7C43E2": {
      "Properties": {
        "AlarmActions": [
          {
            "Ref": "AlarmTopicD01E77F9",
          },
        ],
        "ComparisonOperator": "GreaterThanThreshold",
        "Dimensions": [
          {
            "Name": "ClusterName",
            "Value": {
              "Ref": "EcsCluster97242B84",
            },
          },
          {
            "Name": "ServiceName",
            "Value": {
              "Fn::GetAtt": [
                "GatewayService5E8511BF",
                "Name",
              ],
            },
          },
        ],
        "EvaluationPeriods": 3,
        "MetricName": "CPUUtilization",
        "Namespace": "AWS/ECS",
        "Period": 300,
        "Statistic": "Average",
        "Threshold": 85,
        "TreatMissingData": "notBreaching",
      },
      "Type": "AWS::CloudWatch::Alarm",
    },
    "ServiceMemoryAlarm88FCAA30": {
      "Properties": {
        "AlarmActions": [
          {
            "Ref": "AlarmTopicD01E77F9",
          },
        ],
        "ComparisonOperator": "GreaterThanThreshold",
        "Dimensions": [
          {
            "Name": "ClusterName",
            "Value": {
              "Ref": "EcsCluster97242B84",
            },
          },
          {
            "Name": "ServiceName",
            "Value": {
              "Fn::GetAtt": [
                "GatewayService5E8511BF",
                "Name",
              ],
            },
          },
        ],
        "EvaluationPeriods": 3,
        "MetricName": "MemoryUtilization",
        "Namespace": "AWS/ECS",
        "Period": 300,
        "Statistic": "Average",
        "Threshold": 85,
        "TreatMissingData": "notBreaching",
      },
      "Type": "AWS::CloudWatch::Alarm",
    },
    "TestStackDatabaseSecret4D295638886bce5d92c4678bb2904dfaf6fb890c": {
      "DeletionPolicy": "Delete",
      "Properties": {
        "Description": {
          "Fn::Join": [
            "",
            [
              "Generated by the CDK for stack: ",
              {
                "Ref": "AWS::StackName",
              },
            ],
          ],
        },
        "GenerateSecretString": {
          "ExcludeCharacters": "/@" \\'",
          "GenerateStringKey": "password",
          "PasswordLength": 30,
          "SecretStringTemplate": "{"username":"litellm"}",
        },
      },
      "Type": "AWS::SecretsManager::Secret",
      "UpdateReplacePolicy": "Delete",
    },
    "UnhealthyHostsAlarmE3387D4B": {
      "Properties": {
        "AlarmActions": [
          {
            "Ref": "AlarmTopicD01E77F9",
          },
        ],
        "ComparisonOperator": "GreaterThanThreshold",
        "Dimensions": [
          {
            "Name": "LoadBalancer",
            "Value": {
              "Fn::Join": [
                "",
                [
                  {
                    "Fn::Select": [
                      1,
                      {
                        "Fn::Split": [
                          "/",
                          {
                            "Ref": "GatewayLBPublicListener906A7B84",
                          },
                        ],
                      },
                    ],
                  },
                  "/",
                  {
                    "Fn::Select": [
                      2,
                      {
                        "Fn::Split": [
                          "/",
                          {
                            "Ref": "GatewayLBPublicListener906A7B84",
                          },
                        ],
                      },
                    ],
                  },
                  "/",
                  {
                    "Fn::Select": [
                      3,
                      {
                        "Fn::Split": [
                          "/",
                          {
                            "Ref": "GatewayLBPublicListener906A7B84",
                          },
                        ],
                      },
                    ],
                  },
                ],
              ],
            },
          },
          {
            "Name": "TargetGroup",
            "Value": {
              "Fn::GetAtt": [
                "GatewayLBPublicListenerECSGroupBD528BD3",
                "TargetGroupFullName",
              ],
            },
          },
        ],
        "EvaluationPeriods": 3,
        "MetricName": "UnHealthyHostCount",
        "Namespace": "AWS/ApplicationELB",
        "Period": 300,
        "Statistic": "Average",
        "Threshold": 0,
        "TreatMissingData": "notBreaching",
      },
      "Type": "AWS::CloudWatch::Alarm",
    },
    "Vpc8378EB38": {
      "Properties": {
        "CidrBlock": "10.0.0.0/16",
        "EnableDnsHostnames": true,
        "EnableDnsSupport": true,
        "InstanceTenancy": "default",
        "Tags": [
          {
            "Key": "Name",
            "Value": "TestStack/Vpc",
          },
        ],
      },
      "Type": "AWS::EC2::VPC",
    },
    "VpcIGWD7BA715C": {
      "Properties": {
        "Tags": [
          {
            "Key": "Name",
            "Value": "TestStack/Vpc",
          },
        ],
      },
      "Type": "AWS::EC2::InternetGateway",
    },
    "VpcVPCGWBF912B6E": {
      "Properties": {
        "InternetGatewayId": {
          "Ref": "VpcIGWD7BA715C",
        },
        "VpcId": {
          "Ref": "Vpc8378EB38",
        },
      },
      "Type": "AWS::EC2::VPCGatewayAttachment",
    },
    "VpcprivateSubnet1DefaultRouteB506891A": {
      "Properties": {
        "DestinationCidrBlock": "0.0.0.0/0",
        "NatGatewayId": {
          "Ref": "VpcpublicSubnet1NATGatewayA036E8A6",
        },
        "RouteTableId": {
          "Ref": "VpcprivateSubnet1RouteTable1979EACB",
        },
      },
      "Type": "AWS::EC2::Route",
    },
    "VpcprivateSubnet1RouteTable1979EACB": {
      "Properties": {
        "Tags": [
          {
            "Key": "Name",
            "Value": "TestStack/Vpc/privateSubnet1",
          },
        ],
        "VpcId": {
          "Ref": "Vpc8378EB38",
        },
      },
      "Type": "AWS::EC2::RouteTable",
    },
    "VpcprivateSubnet1RouteTableAssociationEEBD93CE": {
      "Properties": {
        "RouteTableId": {
          "Ref": "VpcprivateSubnet1RouteTable1979EACB",
        },
        "SubnetId": {
          "Ref": "VpcprivateSubnet1SubnetCEAD3716",
        },
      },
      "Type": "AWS::EC2::SubnetRouteTableAssociation",
    },
    "VpcprivateSubnet1SubnetCEAD3716": {
      "Properties": {
        "AvailabilityZone": "dummy1a",
        "CidrBlock": "10.0.2.0/24",
        "MapPublicIpOnLaunch": false,
        "Tags": [
          {
            "Key": "aws-cdk:subnet-name",
            "Value": "private",
          },
          {
            "Key": "aws-cdk:subnet-type",
            "Value": "Private",
          },
          {
            "Key": "Name",
            "Value": "TestStack/Vpc/privateSubnet1",
          },
        ],
        "VpcId": {
          "Ref": "Vpc8378EB38",
        },
      },
      "Type": "AWS::EC2::Subnet",
    },
    "VpcprivateSubnet2DefaultRouteBAC3C1C3": {
      "Properties": {
        "DestinationCidrBlock": "0.0.0.0/0",
        "NatGatewayId": {
          "Ref": "VpcpublicSubnet1NATGatewayA036E8A6",
        },
        "RouteTableId": {
          "Ref": "VpcprivateSubnet2RouteTable4D0FFC8C",
        },
      },
      "Type": "AWS::EC2::Route",
    },
    "VpcprivateSubnet2RouteTable4D0FFC8C": {
      "Properties": {
        "Tags": [
          {
            "Key": "Name",
            "Value": "TestStack/Vpc/privateSubnet2",
          },
        ],
        "VpcId": {
          "Ref": "Vpc8378EB38",
        },
      },
      "Type": "AWS::EC2::RouteTable",
    },
    "VpcprivateSubnet2RouteTableAssociationB691E645": {
      "Properties": {
        "RouteTableId": {
          "Ref": "VpcprivateSubnet2RouteTable4D0FFC8C",
        },
        "SubnetId": {
          "Ref": "VpcprivateSubnet2Subnet2DE7549C",
        },
      },
      "Type": "AWS::EC2::SubnetRouteTableAssociation",
    },
    "VpcprivateSubnet2Subnet2DE7549C": {
      "Properties": {
        "AvailabilityZone": "dummy1b",
        "CidrBlock": "10.0.3.0/24",
        "MapPublicIpOnLaunch": false,
        "Tags": [
          {
            "Key": "aws-cdk:subnet-name",
            "Value": "private",
          },
          {
            "Key": "aws-cdk:subnet-type",
            "Value": "Private",
          },
          {
            "Key": "Name",
            "Value": "TestStack/Vpc/privateSubnet2",
          },
        ],
        "VpcId": {
          "Ref": "Vpc8378EB38",
        },
      },
      "Type": "AWS::EC2::Subnet",
    },
    "VpcpublicSubnet1DefaultRouteB88F9E93": {
      "DependsOn": [
        "VpcVPCGWBF912B6E",
      ],
      "Properties": {
        "DestinationCidrBlock": "0.0.0.0/0",
        "GatewayId": {
          "Ref": "VpcIGWD7BA715C",
        },
        "RouteTableId": {
          "Ref": "VpcpublicSubnet1RouteTable15C15F8E",
        },
      },
      "Type": "AWS::EC2::Route",
    },
    "VpcpublicSubnet1EIP411541E6": {
      "Properties": {
        "Domain": "vpc",
        "Tags": [
          {
            "Key": "Name",
            "Value": "TestStack/Vpc/publicSubnet1",
          },
        ],
      },
      "Type": "AWS::EC2::EIP",
    },
    "VpcpublicSubnet1NATGatewayA036E8A6": {
      "DependsOn": [
        "VpcpublicSubnet1DefaultRouteB88F9E93",
        "VpcpublicSubnet1RouteTableAssociation4E83B6E4",
      ],
      "Properties": {
        "AllocationId": {
          "Fn::GetAtt": [
            "VpcpublicSubnet1EIP411541E6",
            "AllocationId",
          ],
        },
        "SubnetId": {
          "Ref": "VpcpublicSubnet1Subnet2BB74ED7",
        },
        "Tags": [
          {
            "Key": "Name",
            "Value": "TestStack/Vpc/publicSubnet1",
          },
        ],
      },
      "Type": "AWS::EC2::NatGateway",
    },
    "VpcpublicSubnet1RouteTable15C15F8E": {
      "Properties": {
        "Tags": [
          {
            "Key": "Name",
            "Value": "TestStack/Vpc/publicSubnet1",
          },
        ],
        "VpcId": {
          "Ref": "Vpc8378EB38",
        },
      },
      "Type": "AWS::EC2::RouteTable",
    },
    "VpcpublicSubnet1RouteTableAssociation4E83B6E4": {
      "Properties": {
        "RouteTableId": {
          "Ref": "VpcpublicSubnet1RouteTable15C15F8E",
        },
        "SubnetId": {
          "Ref": "VpcpublicSubnet1Subnet2BB74ED7",
        },
      },
      "Type": "AWS::EC2::SubnetRouteTableAssociation",
    },
    "VpcpublicSubnet1Subnet2BB74ED7": {
      "Properties": {
        "AvailabilityZone": "dummy1a",
        "CidrBlock": "10.0.0.0/24",
        "MapPublicIpOnLaunch": true,
        "Tags": [
          {
            "Key": "aws-cdk:subnet-name",
            "Value": "public",
          },
          {
            "Key": "aws-cdk:subnet-type",
            "Value": "Public",
          },
          {
            "Key": "Name",
            "Value": "TestStack/Vpc/publicSubnet1",
          },
        ],
        "VpcId": {
          "Ref": "Vpc8378EB38",
        },
      },
      "Type": "AWS::EC2::Subnet",
    },
    "VpcpublicSubnet2DefaultRoute732F0BEB": {
      "DependsOn": [
        "VpcVPCGWBF912B6E",
      ],
      "Properties": {
        "DestinationCidrBlock": "0.0.0.0/0",
        "GatewayId": {
          "Ref": "VpcIGWD7BA715C",
        },
        "RouteTableId": {
          "Ref": "VpcpublicSubnet2RouteTableC5A6DF77",
        },
      },
      "Type": "AWS::EC2::Route",
    },
    "VpcpublicSubnet2RouteTableAssociationCCE257FF": {
      "Properties": {
        "RouteTableId": {
          "Ref": "VpcpublicSubnet2RouteTableC5A6DF77",
        },
        "SubnetId": {
          "Ref": "VpcpublicSubnet2SubnetE34B022A",
        },
      },
      "Type": "AWS::EC2::SubnetRouteTableAssociation",
    },
    "VpcpublicSubnet2RouteTableC5A6DF77": {
      "Properties": {
        "Tags": [
          {
            "Key": "Name",
            "Value": "TestStack/Vpc/publicSubnet2",
          },
        ],
        "VpcId": {
          "Ref": "Vpc8378EB38",
        },
      },
      "Type": "AWS::EC2::RouteTable",
    },
    "VpcpublicSubnet2SubnetE34B022A": {
      "Properties": {
        "AvailabilityZone": "dummy1b",
        "CidrBlock": "10.0.1.0/24",
        "MapPublicIpOnLaunch": true,
        "Tags": [
          {
            "Key": "aws-cdk:subnet-name",
            "Value": "public",
          },
          {
            "Key": "aws-cdk:subnet-type",
            "Value": "Public",
          },
          {
            "Key": "Name",
            "Value": "TestStack/Vpc/publicSubnet2",
          },
        ],
        "VpcId": {
          "Ref": "Vpc8378EB38",
        },
      },
      "Type": "AWS::EC2::Subnet",
    },
  },
  "Rules": {
    "CheckBootstrapVersion": {
      "Assertions": [
        {
          "Assert": {
            "Fn::Not": [
              {
                "Fn::Contains": [
                  [
                    "1",
                    "2",
                    "3",
                    "4",
                    "5",
                  ],
                  {
                    "Ref": "BootstrapVersion",
                  },
                ],
              },
            ],
          },
          "AssertDescription": "CDK bootstrap stack version 6 required. Please run 'cdk bootstrap' with a recent version of the CDK CLI.",
        },
      ],
    },
  },
}
`;
